Circuit: * Z:\home\jodh\piezo_matlab\spice\peh.asc

WARNING: Node N092 is floating.
WARNING: Node N072 is floating.
WARNING: Node N074 is floating.
WARNING: Node NC_18 is floating.
WARNING: Node NC_19 is floating.

WARNING: Less than two connections to node N072.  This node is used by R36.
WARNING: Less than two connections to node N071.  This node is used by V11.
Per .tran options, skipping operating point for transient analysis.
Changing Tseed to 1e-008

req_result: 519681456.972207=5.19681e+008
ceq_result: 5.79198750091799e-007=5.79199e-007
leq_result: 67.9743345827381=67.9743
cp_result: 3.364591368864e-007=3.36459e-007
veq_result: 252130.119547715=252130
voc_result: 5.46419291282733=5.46419
pressure_peak_result: 1414213.5623731=1.41421e+006
veq_per_pa_result: 0.178282917273563=0.178283

Measurement "pavg_r9" FAIL'ed

Measurement "pavg_r4" FAIL'ed

Measurement "pavg_r12" FAIL'ed


Date: Sun Aug 09 21:52:44 2026
Total elapsed time: 96.731 seconds.

tnom = 27
temp = 27
method = modified trap
totiter = 3266673
traniter = 3266673
tranpoints = 1166075
accept = 817743
rejected = 348331
matrix size = 266
fillins = 194
solver = Normal
Thread vector: 32.0/14.7[7] 11.4/6.7[7] 3.8/4.0[1] 0.7/1.6[1]  2592/500
Matrix Compiler1: 26.44 KB object code size  8.0/3.2/[1.7]
Matrix Compiler2: 24.18 KB object code size  2.6/4.4/[1.5]

